Circuit: *simulacion

WARNING: Node X is floating and connected to current source B1.  It's .op solution is defined solely by a .ic statement.

Direct Newton iteration for .op point succeeded.
.step tau=0.001
.step tau=0.011
.step tau=0.021
.step tau=0.031
.step tau=0.041
.step tau=0.051
.step tau=0.061
.step tau=0.071
.step tau=0.081
.step tau=0.091
.step tau=0.101
.step tau=0.111
.step tau=0.121
.step tau=0.131
.step tau=0.141
.step tau=0.151
.step tau=0.161
.step tau=0.171
.step tau=0.181
.step tau=0.191
.step tau=0.2

Date: Tue Sep 16 19:57:10 2025
Total elapsed time: 12.442 seconds.

tnom = 27
temp = 27
method = modified trap
totiter = 60037
traniter = 60034
tranpoints = 30018
accept = 30018
rejected = 0
matrix size = 1
fillins = 0
solver = Normal
Avg thread counts: 1.0/1.0/1.0/1.0
Matrix Compiler1: off  0.0/0.1/[0.0]
Matrix Compiler2:       4 opcodes  0.1/[0.1]/0.1

